MPLINK 4.48, Linker
Linker Map File - Created Wed Jan 09 20:50:06 2019

                                 Section Info
                  Section       Type    Address   Location Size(Bytes)
                ---------  ---------  ---------  ---------  ---------
                   .org_0       code   0x000000    program   0x000000
                   .org_1       code   0x000000    program   0x0000a8



                              Program Memory Usage 
                               Start         End      
                           ---------   ---------      
                            0x000000    0x000053      
            84 out of 8454 program addresses used, program memory utilization is 0%



                              Symbols - Sorted by Name
                     Name    Address   Location    Storage File                     
                ---------  ---------  ---------  --------- ---------                
                ANA_METOT   0x000001    program     static D:\mikroislemciler\2018GuzDonemi\LCD_UYG\56.uygulama\uygulama-56.asm
                  GECIKME   0x000023    program     static D:\mikroislemciler\2018GuzDonemi\LCD_UYG\56.uygulama\uygulama-56.asm
              KARAKTERLER   0x000036    program     static D:\mikroislemciler\2018GuzDonemi\LCD_UYG\56.uygulama\uygulama-56.asm
      LCD_KARAKTER_GONDER   0x00000f    program     static D:\mikroislemciler\2018GuzDonemi\LCD_UYG\56.uygulama\uygulama-56.asm
         LCD_KOMUT_GONDER   0x000019    program     static D:\mikroislemciler\2018GuzDonemi\LCD_UYG\56.uygulama\uygulama-56.asm
                   SATIR2   0x000033    program     static D:\mikroislemciler\2018GuzDonemi\LCD_UYG\56.uygulama\uygulama-56.asm
                  TEKRAR1   0x000025    program     static D:\mikroislemciler\2018GuzDonemi\LCD_UYG\56.uygulama\uygulama-56.asm
                  TEKRAR2   0x000027    program     static D:\mikroislemciler\2018GuzDonemi\LCD_UYG\56.uygulama\uygulama-56.asm
                  TEMIZLE   0x00002c    program     static D:\mikroislemciler\2018GuzDonemi\LCD_UYG\56.uygulama\uygulama-56.asm



                              Symbols - Sorted by Address
                     Name    Address   Location    Storage File                     
                ---------  ---------  ---------  --------- ---------                
                ANA_METOT   0x000001    program     static D:\mikroislemciler\2018GuzDonemi\LCD_UYG\56.uygulama\uygulama-56.asm
      LCD_KARAKTER_GONDER   0x00000f    program     static D:\mikroislemciler\2018GuzDonemi\LCD_UYG\56.uygulama\uygulama-56.asm
         LCD_KOMUT_GONDER   0x000019    program     static D:\mikroislemciler\2018GuzDonemi\LCD_UYG\56.uygulama\uygulama-56.asm
                  GECIKME   0x000023    program     static D:\mikroislemciler\2018GuzDonemi\LCD_UYG\56.uygulama\uygulama-56.asm
                  TEKRAR1   0x000025    program     static D:\mikroislemciler\2018GuzDonemi\LCD_UYG\56.uygulama\uygulama-56.asm
                  TEKRAR2   0x000027    program     static D:\mikroislemciler\2018GuzDonemi\LCD_UYG\56.uygulama\uygulama-56.asm
                  TEMIZLE   0x00002c    program     static D:\mikroislemciler\2018GuzDonemi\LCD_UYG\56.uygulama\uygulama-56.asm
                   SATIR2   0x000033    program     static D:\mikroislemciler\2018GuzDonemi\LCD_UYG\56.uygulama\uygulama-56.asm
              KARAKTERLER   0x000036    program     static D:\mikroislemciler\2018GuzDonemi\LCD_UYG\56.uygulama\uygulama-56.asm


